Domain Name: jianyuehugo.top
Registry Domain ID: D20240129G10001G_17058242-top
Registrar WHOIS Server: whois.aliyun.com/
Registrar URL: http://www.net.cn
Updated Date: 2024-03-17T10:42:11Z
Creation Date: 2024-01-29T03:26:18Z
Registry Expiry Date: 2027-01-29T03:26:18Z
Registrar: Alibaba Cloud Computing Ltd. d/b/a HiChina (www.net.cn)
Registrar IANA ID: 1599
Registrar Abuse Contact Email: DomainAbuse@service.aliyun.com
Registrar Abuse Contact Phone: +86.95187
Domain Status: ok https://icann.org/epp#OK
Registry Registrant ID: REDACTED FOR PRIVACY
Registrant Name: REDACTED FOR PRIVACY
Registrant Organization: REDACTED FOR PRIVACY
Registrant Street:  REDACTED FOR PRIVACY
Registrant City: REDACTED FOR PRIVACY
Registrant State/Province: shang hai
Registrant Postal Code: REDACTED FOR PRIVACY
Registrant Country: CN
Registrant Phone: REDACTED FOR PRIVACY
Registrant Phone Ext: REDACTED FOR PRIVACY
Registrant Fax: REDACTED FOR PRIVACY
Registrant Fax Ext: REDACTED FOR PRIVACY
Registrant Email: Please query the RDDS service of the Registrar of Record  identified in this output for information on how to contact the Registrant, Admin, or Tech contact of the queried domain name.
Registry Admin ID: REDACTED FOR PRIVACY
Admin Name: REDACTED FOR PRIVACY
Admin Organization: REDACTED FOR PRIVACY
Admin Street:  REDACTED FOR PRIVACY
Admin City: REDACTED FOR PRIVACY
Admin State/Province: REDACTED FOR PRIVACY
Admin Postal Code: REDACTED FOR PRIVACY
Admin Country: REDACTED FOR PRIVACY
Admin Phone: REDACTED FOR PRIVACY
Admin Phone Ext: REDACTED FOR PRIVACY
Admin Fax: REDACTED FOR PRIVACY
Admin Fax Ext: REDACTED FOR PRIVACY
Admin Email: Please query the RDDS service of the Registrar of Record  identified in this output for information on how to contact the Registrant, Admin, or Tech contact of the queried domain name.
Registry Tech ID: REDACTED FOR PRIVACY
Tech Name: REDACTED FOR PRIVACY
Tech Organization: REDACTED FOR PRIVACY
Tech Street:  REDACTED FOR PRIVACY
Tech City: REDACTED FOR PRIVACY
Tech State/Province: REDACTED FOR PRIVACY
Tech Postal Code: REDACTED FOR PRIVACY
Tech Country: REDACTED FOR PRIVACY
Tech Phone: REDACTED FOR PRIVACY
Tech Phone Ext: REDACTED FOR PRIVACY
Tech Fax: REDACTED FOR PRIVACY
Tech Fax Ext: REDACTED FOR PRIVACY
Tech Email: Please query the RDDS service of the Registrar of Record  identified in this output for information on how to contact the Registrant, Admin, or Tech contact of the queried domain name.
Name Server: nataly.ns.cloudflare.com
Name Server: walt.ns.cloudflare.com
DNSSEC: unsigned
URL of the ICANN Whois Inaccuracy Complaint Form: https://www.icann.org/wicf/
>>> Last update of WHOIS database: 2026-05-24T17:12:30Z <<<

For more information on Whois status codes, please visit https://icann.org/epp

NOTICE: The expiration date displayed in this record is the date the
registrar's sponsorship of the domain name registration in the registry is
currently set to expire. This date does not necessarily reflect the expiration
date of the domain name registrant's agreement with the sponsoring
registrar.  Users may consult the sponsoring registrar's Whois database to
view the registrar's reported date of expiration for this registration.

TERMS OF USE: The information in the Whois database is collected through ICANN-accredited registrars. Jiangsu bangning science & technology Co., Ltd(“BANGNING”) make this information available to you and do not guarantee its accuracy or completeness. By submitting a whois query, you agree to abide by the following terms of use: you agree that you may use this data only for lawful purposes and that under no circumstances will you use this data to:  (1) to allow， enable， or otherwise support the transmission of mass unsolicited， commercial advertising or solicitations via direct mail， electronic mail， or by telephone; (2) in contravention of any applicable data and privacy protection acts; or (3) to enable high volume， automated， electronic processes that apply to BANGNING (or its computer systems). Compilation， repackaging， dissemination， or other use of the WHOIS database in its entirety， or of a substantial portion thereof， is not allowed without BANGNING prior written permission. You agree not to use electronic processes that are automated and high-volume to access or query the whois database except as reasonably necessary to register domain names or modify existing registrations. BANGNING reserves the right to restrict your access to the whois database in its sole discretion to ensure operational stability.  BANGNING may restrict or terminate your access to the whois database for failure to abide by these terms of use. BANGNING reserves the right to modify these terms at any time without prior or subsequent notification of any kind. 
