
----------------------------------------------------------------------  
 Whois server by HKIRC
---------------------------------------------------------------------- 
 .hk top level Domain names can be registered via HKIRC-Accredited Registrars. 
 Go to https://www.hkirc.hk/content.jsp?id=280 for details. 
---------------------------------------------------------------------- 


Domain Name:  JHL.IDV.HK 
Bundled Domain Name:  梁簡約.個人.香港 
Domain Status: Active 

DNSSEC:  unsigned  

Contract Version:   HKDNR latest version   

Active variants

Inactive variants

Registrar Name: Hong Kong Domain Name Registration Company Limited

Registrar Contact Information: Email: enquiry@hkdnr.hk                       Hotline: +852 2319 1313

Reseller: 




Registrant Contact Information: 

Holder English Name (It should be the same as your legal name on your HKID card or other relevant documents):  MR JIANYUE HUGO LIANG 
Holder Chinese Name:  梁 簡約 
Email:  jianyuehugo@gmail.com 
Domain Name Commencement Date: 05-12-2024
Country: Hong Kong (HK)
Expiry Date:  05-12-2026  
Re-registration Status:  Complete   
Account Name:  HK10112593T 



Technical Contact Information: 

Given Name:  JIANYUE HUGO 
Family name:  LIANG 
Company Name:  MR JIANYUE HUGO LIANG 

Name Servers Information: 

NATALY.NS.CLOUDFLARE.COM   
WALT.NS.CLOUDFLARE.COM   
  


Status Information:

Domain Prohibit Status: 



---------------------------------------------------------------------- 
 The Registry contains ONLY .com.hk, .net.hk, .edu.hk, .org.hk, 
 .gov.hk, idv.hk. and .hk domains. 
----------------------------------------------------------------------

WHOIS Terms of Use 
By using this WHOIS search enquiry service you agree to these terms of use.
The data in HKDNR's WHOIS search engine is for informational purposes only and HKDNR does not guarantee the accuracy of the data. The data is provided to assist people obtaining information about the registration record of domain names registered by HKDNR. You agree to use the data for lawful purposes only.

In light of the General Data Protection Regulation, HKIRC reserves the right to not make available certain data on this WHOIS search enquiry.

You are not authorised to use high-volume, electronic or automated processes to access, query or harvest data from this WHOIS search enquiry service.

You agree that you will not and will not allow anyone else to:

a.    use the data for mass unsolicited commercial advertising of any sort via any media including telephone, email or fax; or

b.    enable high volume, automated or electronic processes that apply to HKDNR or its computer systems including the WHOIS search enquiry service; or

c.    without the prior written consent of HKDNR compile, repackage, disseminate, disclose to any third party or use the data for a purpose other than obtaining information about a domain name registration record; or

d.    use such data to derive an economic benefit for yourself.

HKIRC in its sole discretion may terminate your access to the WHOIS search enquiry service (including but not limited to blocking your IP address) at any time due to, including but not limited to, excessive use of the WHOIS search enquiry service.

HKDNR may modify these terms of use at any time by publishing the modified terms of use on its website.






