Company Website:https://tianshome.netCompany Looking Glass:https://lg.tianshome.net

Looking Glass:https://bgp.he.net/lg/202734

Country of Origin:CanadaCanada

Internet Exchanges: 11

Prefixes Originated (all): 4,632
Prefixes Originated (v4): 3,948
Prefixes Originated (v6): 684

Prefixes Announced (all): 4,632
Prefixes Announced (v4): 3,948
Prefixes Announced (v6): 684

RPKI Originated Valid (all): 4
RPKI Originated Valid (v4): 0
RPKI Originated Valid (v6): 4

RPKI Originated Invalid (all): 1,430
RPKI Originated Invalid (v4): 1,323
RPKI Originated Invalid (v6): 107

BGP Peers Observed (all): 149
BGP Peers Observed (v4): 44
BGP Peers Observed (v6): 129

IPs Originated (v4): 285,767,680
AS Paths Observed (v4): 44
AS Paths Observed (v6): 1,801

Average AS Path Length (all): 4.291
Average AS Path Length (v4): 2.023
Average AS Path Length (v6): 4.346
Web Page Preview

AS202734 IPv4 Peers
Other
AS212591
AS22915
AS215439
AS215199
AS210732
AS401753
AS213449
AS209185
AS214022
AS214371
ASN	Name
AS214371	Gijs van de Sande
AS214022	Joseph Rawlings trading as Virtnet.bond
AS209185	Tim Niemeyer
AS213449	Jann-Ole Wagenaar
AS401753	BIXCE Inc
AS210732	Alexandre Fernandes
AS215199	Internet CLOUD Services SL
AS215439	PLAY2GO INTERNATIONAL LIMITED
AS22915	Acuity Technologies LLC
AS212591	N1 Solutions B.V. trading as PLTFRMS

AS202734 IPv6 Peers
AS20473
AS6939
AS139317
Other
AS44324
ASN	Name
AS44324	MoeDove LLC
AS20473	The Constant Company, LLC
AS6939	Hurricane Electric LLC
AS139317	Ningbo Dahuamao Information Technology Co Ltd
AS202734 IPv4 Peer Count
AS202734 IPv6 Peer Count
AS202734 IPv4 Prefixes Announced
AS202734 IPv6 Prefixes Announced
AS202734 IPv4 Prefixes Originated
AS202734 IPv6 Prefixes Originated